remplacer-google
soiree-vins-fromages-chez-junior
critical-factors-for-attorney-online-marketing-obtaining-guidance
astute-products-in-truck-accident-lawyer-pennsylvania
revealing-locating-critical-elements-for-pennsylvania-truck-accident-attorney
migration-dedibox
partage-de-dedibox
identifying-quick-products-for-boca-raton-car-accident-attorney
accueil
locating-straightforward-procedures-in-personal-injury-lawyer-boca-raton-whencomparedtoobviousreduceinvestinneopointsontheinternetinsidersecrets
sandbox
aliciaroebuck387a
agata-report
7zip
ari
cdex
corkscrew
dia
filezilla
imagemagick
ireport
ncftp
openh323
openoffice-org
pmb
putty
the-gimp
thunderbird
tortoisesvn
videolan
zinf
suivi-armoire
travaux-a-faire
scite
todo
tortoisecvs
tortoisesvn
solutions-linux
mediawiki-index-php
mediawiki-mediawiki-mediawiki-index-php
birt
cornice
ekiga
inkscape
mozilla
psi
vim
offre-cliente-logiciels-libres
offre-cliente-logiciels-libres-v2
offre-cliente-logiciels-libres-v3
vin-fromage-du-15-juin-2007
outils-windows

